---
source: tests/snapshots.rs
assertion_line: 133
expression: "render_snapshot(&node, 45, 10)"
---
┌──────────────────────────────────────┐     
│┌────────┐┌────────┐┌────────┐        │     
││        ││        ││        │        │     
│└────────┘└────────┘└────────┘        │     
└──────────────────────────────────────┘
