---
source: tests/snapshots.rs
expression: "render_snapshot(&node, 30, 12)"
---
╔═══════════════════════╗     
║Title                  ║     
║ABC                    ║     
║Footer                 ║     
║                       ║     
║                       ║     
║                       ║     
╚═══════════════════════╝
