---
source: tests/snapshots.rs
assertion_line: 215
expression: "render_snapshot(&node, 45, 10)"
---
┌──────────────────────────────────────┐     
│┌──────┐                      ┌──────┐│     
││      │                      │      ││     
│└──────┘                      └──────┘│     
└──────────────────────────────────────┘
