---
source: tests/snapshots.rs
expression: "render_snapshot(&node, 45, 10)"
---
┌──────────────────────────────────────┐     
│(+1 -1)                               │     
│1  fn main() {                        │     
│2 -    println!("old");               │     
│2 +    println!("new");               │     
│3  }                                  │     
│                                      │     
└──────────────────────────────────────┘
