---
source: tests/snapshots.rs
expression: "render_snapshot(&form, 45, 15)"
---
╭──────────────────────────────────────╮     
│                                      │     
│ Login Form                           │     
│ Name:[__________]                    │     
│ Email:[__________]                   │     
│ Password:[**********]                │     
│                                      │     
│                                      │     
│                                      │     
╰──────────────────────────────────────╯
