---
source: tests/snapshots.rs
assertion_line: 315
expression: "render_snapshot(&dashboard, 55, 20)"
---
┌────────────────────────────────────────────────┐     
│Dashboard                                       │     
└────────────────────────────────────────────────┘     
┌─────────────┐┌─────────────────────────────────┐     
│Menu         ││Content Area                     │     
│             ││                                 │     
│             ││                                 │     
│             ││                                 │     
│             ││                                 │     
│             ││                                 │     
│             ││                                 │     
│             ││                                 │     
└─────────────┘└─────────────────────────────────┘
