---
source: crates/tui/src/ui.rs
expression: terminal.backend()
---
"        Codex DashFlow - test-session-12345 @ ~/codex_dashflow/crates/tui       "
"                                                                                "
"────────────────────────────────────────────────────────────────────────────────"
