---
source: crates/tui/src/ui.rs
expression: terminal.backend()
---
"┌ Input [Processing...] ───────────────────────────────────────────────────────┐"
"│                                                                              │"
"└──────────────────────────────────────────────────────────────────────────────┘"
